[backblue.gif]
[fade.gif]
[index.html]
[t1.kakaocdn.net/kakao_js_sdk/v1/kakao.min.js]
[dapi.kakao.com/v2/maps/sdke390.json]
[platform-cdn.redprinting.co.kr/Itscard/userdata/202211/c_th_280446048487e90.jpg]
[platform-cdn.redprinting.co.kr/Itscard/userdata/202211/th_271224412887e90.jpg]
[platform-cdn.redprinting.co.kr/Itscard/userdata/202211/th_271252415087e90.jpg]
[platform-cdn.redprinting.co.kr/Itscard/userdata/202211/th_271253437767e90.jpg]
[platform-cdn.redprinting.co.kr/Itscard/userdata/202211/th_271253593247e90.jpg]
[platform-cdn.redprinting.co.kr/Itscard/userdata/202211/th_271225238247e90.jpg]
[platform-cdn.redprinting.co.kr/Itscard/userdata/202211/th_271225292407e90.jpg]
[platform-cdn.redprinting.co.kr/Itscard/userdata/202211/th_271225353567e90.jpg]
[platform-cdn.redprinting.co.kr/Itscard/userdata/202211/th_271225434727e90.jpg]
[platform-cdn.redprinting.co.kr/Itscard/userdata/202211/th_271251340327e90.jpg]
[platform-cdn.redprinting.co.kr/Itscard/userdata/202211/th_271251041287e90.jpg]
[platform-cdn.redprinting.co.kr/Itscard/userdata/202211/th_271251513607e90.jpg]
[platform-cdn.redprinting.co.kr/Itscard/userdata/202211/th_271252017567e90.jpg]
[platform-cdn.redprinting.co.kr/Itscard/userdata/202211/th_271224412880fb3.jpg]
[platform-cdn.redprinting.co.kr/Itscard/userdata/202211/th_27122441288.jpg]
[platform-cdn.redprinting.co.kr/Itscard/userdata/202211/th_271252415080fb3.jpg]
[platform-cdn.redprinting.co.kr/Itscard/userdata/202211/th_27125241508.jpg]
[platform-cdn.redprinting.co.kr/Itscard/userdata/202211/th_271253437760fb3.jpg]
[platform-cdn.redprinting.co.kr/Itscard/userdata/202211/th_27125343776.jpg]
[platform-cdn.redprinting.co.kr/Itscard/userdata/202211/th_271253593240fb3.jpg]
[platform-cdn.redprinting.co.kr/Itscard/userdata/202211/th_27125359324.jpg]
[platform-cdn.redprinting.co.kr/Itscard/userdata/202211/th_271225238240fb3.jpg]
[platform-cdn.redprinting.co.kr/Itscard/userdata/202211/th_27122523824.jpg]
[platform-cdn.redprinting.co.kr/Itscard/userdata/202211/th_271225292400fb3.jpg]
[platform-cdn.redprinting.co.kr/Itscard/userdata/202211/th_27122529240.jpg]
[platform-cdn.redprinting.co.kr/Itscard/userdata/202211/th_271225353560fb3.jpg]
[platform-cdn.redprinting.co.kr/Itscard/userdata/202211/th_27122535356.jpg]
[platform-cdn.redprinting.co.kr/Itscard/userdata/202211/th_271225434720fb3.jpg]
[platform-cdn.redprinting.co.kr/Itscard/userdata/202211/th_27122543472.jpg]
[platform-cdn.redprinting.co.kr/Itscard/userdata/202211/th_271251340320fb3.jpg]
[platform-cdn.redprinting.co.kr/Itscard/userdata/202211/th_27125134032.jpg]
[platform-cdn.redprinting.co.kr/Itscard/userdata/202211/th_271251041280fb3.jpg]
[platform-cdn.redprinting.co.kr/Itscard/userdata/202211/th_27125104128.jpg]
[platform-cdn.redprinting.co.kr/Itscard/userdata/202211/th_271251513600fb3.jpg]
[platform-cdn.redprinting.co.kr/Itscard/userdata/202211/th_27125151360.jpg]
[platform-cdn.redprinting.co.kr/Itscard/userdata/202211/th_271252017560fb3.jpg]
[platform-cdn.redprinting.co.kr/Itscard/userdata/202211/th_27125201756.jpg]
[mcard.itscard.co.kr/tomjinah.html]
[fonts.googleapis.com/earlyaccess/kopubbatang.css]
[fonts.googleapis.com/earlyaccess/nanummyeongjo.css]
[fonts.googleapis.com/earlyaccess/notosanskr.css]
[fonts.googleapis.com/earlyaccess/nanumgothic.css]
[map.kakao.com/index3692.html]
[m.map.naver.com/directions/index416a.html]
[map.kakao.com/index0e64.html]
[m.map.naver.com/directions/index0c33.html]
[t1.daumcdn.net/kakaomapweb/map/202212011415324/app_A.css]
[t1.daumcdn.net/kakaomapweb/map/202212011415324/app_B.css]
[t1.daumcdn.net/kakaomapweb/map/202212011415324/app_C.css]
